===== z12mp_d1.jxl  1467847 bytes
   unlimited       31.4         31.1        3  4000x3000
     1048576       32.3         26.2        4  4000x3000
       65536       66.2          8.3       25  4000x3000
        4096      163.1          5.0      360  4000x3000
===== z20mp_d1.jxl  2431652 bytes
   unlimited       49.4         49.0        3  5164x3873
     1048576       50.2         32.7        5  5164x3873
       65536       89.5          7.6       40  5164x3873
        4096      274.8          7.4      595  5164x3873
===== z12mp_lossless.jxl  8702916 bytes
   unlimited      144.5        144.2        3  4000x3000
     1048576      170.9         33.6       11  4000x3000
       65536      863.3          8.7      135  4000x3000
        4096     1300.6          9.5     2126  4000x3000
===== z20mp_lossless.jxl  13787845 bytes
   unlimited      253.6        253.2        3  5164x3873
     1048576      289.1         36.8       16  5164x3873
       65536     1413.4          8.9      213  5164x3873
        4096     2282.1         21.9     3368  5164x3873
===== z108mp_lossless.jxl  56352762 bytes
   unlimited     2238.1       2230.8        3  12000x9000
     1048576     1442.2         48.0       56  12000x9000
       65536     5742.2          9.7      862  12000x9000
        4096     9799.2          9.0    13758  12000x9000
