# jxl-rs main @ 9e6b9f9, M4 Pro 12 threads, rayon runner, 4096-byte chunked input
# columns: file, whole=one-shot decode ms, chunked_total=ms at 4KiB chunks, max_call=largest single process() call ms, calls

3x3_jpeg_recompression.jxl             whole=     0.1  chunked_total=     0.1  max_call=     0.0  3
3x3_srgb_lossless.jxl                  whole=     0.1  chunked_total=     0.1  max_call=     0.0  3
3x3_srgb_lossy.jxl                     whole=     0.1  chunked_total=     0.1  max_call=     0.1  3
3x3a_srgb_lossless.jxl                 whole=     0.1  chunked_total=     0.1  max_call=     0.1  3
3x3a_srgb_lossy.jxl                    whole=     0.1  chunked_total=     0.1  max_call=     0.1  3
8x8_noise.jxl                          whole=     0.1  chunked_total=     0.1  max_call=     0.1  3
basic.jxl                              whole=     0.1  chunked_total=     0.1  max_call=     0.1  3
bicycles_web_q85.jxl                   whole=     4.9  chunked_total=    14.5  max_call=     2.1  36
bike_web_q75.jxl                       whole=    23.0  chunked_total=    25.3  max_call=    16.2  118
bike_web_q85.jxl                       whole=    18.9  chunked_total=    20.9  max_call=    11.6  141
cafe_web_q80.jxl                       whole=    12.7  chunked_total=    42.4  max_call=     5.6  107
candle.jxl                             whole=     7.0  chunked_total=    18.9  max_call=     3.1  40
city_4k_q75.jxl                        whole=    38.6  chunked_total=    55.3  max_call=    34.0  407
city_4k_q90.jxl                        whole=    34.5  chunked_total=    47.4  max_call=    25.8  700
clic_landscape_d1.jxl                  whole=    16.6  chunked_total=    66.3  max_call=     7.5  211
clic_landscape_d2.jxl                  whole=    16.9  chunked_total=    60.6  max_call=     7.0  128
clic_portrait_d1.jxl                   whole=    12.4  chunked_total=    39.8  max_call=     5.4  70
clic_portrait_d2.jxl                   whole=    14.9  chunked_total=    30.6  max_call=     5.1  41
clic_square_d1.jxl                     whole=    16.8  chunked_total=    50.0  max_call=     8.8  74
clic_square_d2.jxl                     whole=    20.0  chunked_total=    29.8  max_call=     6.7  36
clic_wide_d1.jxl                       whole=    11.8  chunked_total=    39.5  max_call=     5.8  101
clic_wide_d2.jxl                       whole=    12.7  chunked_total=    34.7  max_call=     4.8  58
cropped_traffic_light.jxl              whole=     0.6  chunked_total=     0.6  max_call=     0.2  9
dice.jxl                               whole=    10.2  chunked_total=    17.5  max_call=     5.1  13
efb.jxl                                whole=     8.0  chunked_total=    10.8  max_call=    10.6  6
extra_channels.jxl                     whole=     0.1  chunked_total=     0.1  max_call=     0.0  3
forest_4k_q90.jxl                      whole=    33.6  chunked_total=    48.3  max_call=    25.1  450
gray_alpha_lossless.jxl                whole=     0.3  chunked_total=     0.3  max_call=     0.3  3
grayscale_patches_modular.jxl          whole=     2.5  chunked_total=     2.5  max_call=     2.3  3
grayscale_patches_var_dct.jxl          whole=     3.3  chunked_total=     3.5  max_call=     1.9  4
green_queen_modular_e3.jxl             whole=     4.4  chunked_total=    16.8  max_call=     4.3  79
green_queen_vardct_e3.jxl              whole=     3.4  chunked_total=     6.1  max_call=     1.3  23
has_permutation.jxl                    whole=     7.2  chunked_total=     7.4  max_call=     7.3  3
has_permutation_with_container.jxl     whole=     7.3  chunked_total=     7.4  max_call=     7.3  3
hdr_hlg_test.jxl                       whole=    22.7  chunked_total=    22.7  max_call=    22.7  3
hdr_pq_test.jxl                        whole=    22.9  chunked_total=    23.0  max_call=    23.0  3
issue648_palette0.jxl                  whole=    79.7  chunked_total=    97.5  max_call=    36.3  170
issue728_minimal.jxl                   whole=    18.4  chunked_total=    18.0  max_call=    17.8  3
issue772_blendbug.jxl                  whole=    11.0  chunked_total=    11.4  max_call=     4.4  4
landscape_4k_q90.jxl                   whole=    32.5  chunked_total=    47.0  max_call=    24.1  306
large_header.jxl                       whole=     2.2  chunked_total=    26.2  max_call=     0.7  70
lossy_with_icc.jxl                     whole=     0.1  chunked_total=     0.1  max_call=     0.1  3
multiple_layers_noise_spline.jxl       whole=    88.4  chunked_total=    88.6  max_call=    84.3  3
multiple_lf_420.jxl                    whole=     8.5  chunked_total=     8.6  max_call=     8.5  3
named_frame_test.jxl                   whole=     0.2  chunked_total=     0.1  max_call=     0.1  3
oddsize_ups.jxl                        whole=     1.1  chunked_total=     1.0  max_call=     1.0  4
orientation1_identity.jxl              whole=     0.7  chunked_total=     0.6  max_call=     0.6  3
orientation2_flip_horizontal.jxl       whole=     0.8  chunked_total=     0.7  max_call=     0.6  3
orientation3_rotate_180.jxl            whole=     0.7  chunked_total=     0.7  max_call=     0.6  3
orientation4_flip_vertical.jxl         whole=     0.6  chunked_total=     0.6  max_call=     0.6  3
orientation5_transpose.jxl             whole=     0.7  chunked_total=     0.7  max_call=     0.6  3
orientation6_rotate_90_cw.jxl          whole=     0.8  chunked_total=     0.7  max_call=     0.7  3
orientation7_anti_transpose.jxl        whole=     0.8  chunked_total=     0.7  max_call=     0.7  3
orientation8_rotate_90_ccw.jxl         whole=     0.7  chunked_total=     0.7  max_call=     0.7  3
patch_y_out_of_bounds.jxl              whole=     0.2  chunked_total=     0.2  max_call=     0.1  3
portrait_4k_q75.jxl                    whole=    80.0  chunked_total=   120.6  max_call=    68.1  629
portrait_4k_q90.jxl                    whole=    73.5  chunked_total=   113.7  max_call=    61.5  1376
pq_gradient.jxl                        whole=     0.9  chunked_total=     0.8  max_call=     0.8  3
progressive_ac.jxl                     whole=    16.1  chunked_total=    52.6  max_call=     6.7  123
small_grayscale_patches_modular.jxl    whole=     0.8  chunked_total=     0.9  max_call=     0.8  3
small_grayscale_patches_modular_with_icc.jxl whole=     0.9  chunked_total=     0.9  max_call=     0.7  3
spline_on_first_frame.jxl              whole=     0.2  chunked_total=     0.1  max_call=     0.1  3
splines.jxl                            whole=     0.7  chunked_total=     0.6  max_call=     0.6  3
squeeze_alpha.jxl                      whole=     0.8  chunked_total=     0.8  max_call=     0.8  3
squeeze_edge.jxl                       whole=     1.3  chunked_total=     1.1  max_call=     1.0  3
squeeze_empty_residual.jxl             whole=     0.7  chunked_total=     0.6  max_call=     0.5  3
stp2_520x260_d25_e6.jxl                whole=     1.8  chunked_total=     1.8  max_call=     1.7  3
strategic_solid_blue.jxl               whole=     0.8  chunked_total=     0.8  max_call=     0.7  3
test_128x128_420_libjxl.jxl            whole=     0.4  chunked_total=     0.3  max_call=     0.3  3
test_128x128_444_libjxl.jxl            whole=     0.5  chunked_total=     0.5  max_call=     0.5  4
test_16x16_jpeg_recompression.jxl      whole=     0.1  chunked_total=     0.1  max_call=     0.0  3
test_600x600_422_libjxl.jxl            whole=     1.2  chunked_total=     1.1  max_call=     1.1  3
test_64x64_420_jpeg_recompression.jxl  whole=     0.1  chunked_total=     0.1  max_call=     0.1  3
test_8x8_444_jpeg_recompression.jxl    whole=     0.1  chunked_total=     0.1  max_call=     0.0  3
tirr_photo.jxl                         whole=   162.5  chunked_total=   374.8  max_call=    32.6  344
tree_max_property_20.jxl               whole=    46.9  chunked_total=    59.7  max_call=    59.6  3
upsampled_alpha.jxl                    whole=     0.9  chunked_total=     0.9  max_call=     0.9  3
with_icc.jxl                           whole=     0.6  chunked_total=     0.5  max_call=     0.5  3
with_preview.jxl                       whole=     0.2  chunked_total=     0.2  max_call=     0.2  3
zoltan_tasi_unsplash.jxl               whole=     6.5  chunked_total=    23.6  max_call=     2.6  104
