   Compiling libc v0.2.189
    Checking cfg-if v1.0.4
    Checking bitflags v2.13.1
   Compiling syn v3.0.4
   Compiling serde_core v1.0.229
    Checking utf8parse v0.2.2
   Compiling zerocopy v0.8.56
    Checking anstyle-parse v1.0.0
   Compiling zerocopy-derive v0.8.56
    Checking anstyle-query v1.1.5
    Checking colorchoice v1.0.5
   Compiling rustix v1.1.4
    Checking is_terminal_polyfill v1.70.2
   Compiling zmij v1.0.23
    Checking anstyle v1.0.14
   Compiling serde v1.0.229
   Compiling crossbeam-utils v0.8.22
    Checking anstream v1.0.0
    Checking errno v0.3.14
   Compiling serde_derive v1.0.229
   Compiling serde_json v1.0.151
    Checking regex-syntax v0.8.11
   Compiling crossbeam-epoch v0.9.20
    Checking memchr v2.8.3
    Checking regex-automata v0.4.18
    Checking itoa v1.0.18
    Checking rand_core v0.10.1
    Checking log v0.4.34
   Compiling find-msvc-tools v0.1.11
   Compiling crossbeam-deque v0.8.7
   Compiling shlex v2.0.1
    Checking once_cell v1.21.4
    Checking simd-adler32 v0.3.10
    Checking tracing-core v0.1.36
   Compiling cc v1.4.4
    Checking strsim v0.11.1
   Compiling heck v0.5.0
    Checking adler2 v2.0.1
   Compiling crc32fast v1.5.1
    Checking clap_lex v1.1.0
    Checking either v1.18.0
   Compiling rayon-core v1.13.0
    Checking clap_builder v4.6.6
   Compiling clap_derive v4.6.4
   Compiling alloca v0.4.0
    Checking half v2.7.1
    Checking objc2-core-foundation v0.3.2
    Checking plotters-backend v0.3.7
   Compiling getrandom v0.4.3
    Checking ciborium-io v0.2.2
    Checking lazy_static v1.5.0
    Checking option-ext v0.2.0
    Checking pin-project-lite v0.2.17
    Checking sharded-slab v0.1.7
    Checking dirs-sys v0.5.0
    Checking tracing v0.1.44
    Checking ciborium-ll v0.2.2
    Checking objc2-io-kit v0.3.2
    Checking plotters-svg v0.3.7
    Checking clap v4.6.6
    Checking archmage v0.9.26
    Checking itertools v0.13.0
    Checking miniz_oxide v0.9.1
    Checking matchers v0.2.0
    Checking tracing-log v0.2.0
    Checking env_filter v2.0.0
   Compiling thiserror-impl v2.0.20
   Compiling bytemuck_derive v1.12.0
    Checking thread_local v1.1.10
   Compiling test-log-core v0.2.21
    Checking cast v0.3.0
    Checking nu-ansi-term v0.50.3
    Checking same-file v1.0.6
    Checking walkdir v2.5.0
    Checking tracing-subscriber v0.3.23
    Checking criterion-plot v0.8.2
    Checking bytemuck v1.25.2
    Checking thiserror v2.0.20
   Compiling test-log-macros v0.2.21
    Checking env_logger v0.11.11
    Checking flate2 v1.1.10
    Checking zenjxl-decoder-simd v0.3.9 (/Users/lilith/work/zen/zenjxl-decoder/zenjxl-decoder-simd)
    Checking sysinfo v0.36.1
    Checking plotters v0.3.7
    Checking rayon v1.12.0
    Checking ciborium v0.2.2
    Checking dirs v6.0.0
    Checking tinytemplate v1.2.1
    Checking miniz_oxide v0.8.9
    Checking regex v1.13.1
    Checking fdeflate v0.3.7
    Checking ppv-lite86 v0.2.21
    Checking chacha20 v0.10.2
    Checking terminal_size v0.4.4
    Checking fs4 v1.1.0
    Checking fd-lock v4.0.4
    Checking page_size v0.6.0
   Compiling zenjxl-decoder-macros v0.3.9 (/Users/lilith/work/zen/zenjxl-decoder/zenjxl-decoder-macros)
    Checking arbitrary v1.4.2
    Checking oorandom v11.1.5
    Checking anes v0.1.6
    Checking arbtest v0.3.2
    Checking codec-corpus v1.1.0
    Checking criterion v0.8.2
    Checking zenbench v0.1.8
    Checking rand_chacha v0.10.0
    Checking zenjxl-decoder v0.4.0 (/Users/lilith/work/zen/zenjxl-decoder/zenjxl-decoder)
    Checking rand v0.10.2
    Checking png v0.18.1
    Checking test-log v0.2.21
    Checking almost-enough v0.4.4
    Checking rand_xorshift v0.5.0
    Checking zenutils-fuzz v0.1.0
    Finished `dev` profile [unoptimized + debuginfo] target(s) in 6.82s
