===== p20mp_d1.jxl  2451619 bytes
file: /Users/lilith/tmp/mpsweep/p20mp_d1.jxl  runner: rayon
       chunk   total ms  max call ms    calls  size
   unlimited       47.9         47.5        3  5164x3873
     1048576       50.1         33.0        5  5164x3873
       65536       91.0          8.5       40  5164x3873
        4096      263.9          7.8      600  5164x3873
         512      350.1          7.7     4789  5164x3873
      65536*       90.1          8.6       40  5164x3873
       4096*      263.6          7.8      600  5164x3873
===== p20mp_d3.jxl  870902 bytes
file: /Users/lilith/tmp/mpsweep/p20mp_d3.jxl  runner: rayon
       chunk   total ms  max call ms    calls  size
   unlimited       63.7         63.1        3  5164x3873
     1048576       64.7         64.1        3  5164x3873
       65536       90.6         37.7       16  5164x3873
        4096      186.6         16.3      214  5164x3873
         512      231.8          7.0     1701  5164x3873
      65536*       88.0         36.1       16  5164x3873
       4096*      186.8         15.9      214  5164x3873
===== p20mp_lossless.jxl  16339201 bytes
file: /Users/lilith/tmp/mpsweep/p20mp_lossless.jxl  runner: rayon
       chunk   total ms  max call ms    calls  size
   unlimited      187.5        187.0        3  5164x3873
     1048576      240.8         26.5       18  5164x3873
       65536     1367.9          7.9      252  5164x3873
        4096     1707.7          7.8     3991  5164x3873
         512     1697.5          7.7    31913  5164x3873
      65536*     1352.4          7.8      252  5164x3873
       4096*     1698.7          7.7     3991  5164x3873
